#-----------------------------------------------------------
# Webtalk v2020.2 (64-bit)
# SW Build 3064766 on Wed Nov 18 09:12:45 MST 2020
# IP Build 3064653 on Wed Nov 18 14:17:31 MST 2020
# Start of session at: Wed Apr 21 00:14:32 2021
# Process ID: 21692
# Current directory: C:/Users/brend/OneDrive/Documents/school/eecs570/backprop/eecs_570_final/EECS_570_final.sim/linear/behav/xsim
# Command line: wbtcv.exe -mode batch -source C:/Users/brend/OneDrive/Documents/school/eecs570/backprop/eecs_570_final/EECS_570_final.sim/linear/behav/xsim/xsim.dir/testbench_behav/webtalk/xsim_webtalk.tcl -notrace
# Log file: C:/Users/brend/OneDrive/Documents/school/eecs570/backprop/eecs_570_final/EECS_570_final.sim/linear/behav/xsim/webtalk.log
# Journal file: C:/Users/brend/OneDrive/Documents/school/eecs570/backprop/eecs_570_final/EECS_570_final.sim/linear/behav/xsim\webtalk.jou
#-----------------------------------------------------------
source C:/Users/brend/OneDrive/Documents/school/eecs570/backprop/eecs_570_final/EECS_570_final.sim/linear/behav/xsim/xsim.dir/testbench_behav/webtalk/xsim_webtalk.tcl -notrace
